// Vitest Snapshot v1, https://vitest.dev/guide/snapshot.html

exports[`XhsSigner > sign > should refresh a1 cookie if not set and sign request 1`] = `
{
  "X-Mns": "unload",
  "X-s": "XYW_eyJzaWduU3ZuIjoiNTYiLCJzaWduVHlwZSI6IngyIiwiYXBwSWQiOiJ4aHMtcGMtd2ViIiwic2lnblZlcnNpb24iOiIxIiwicGF5bG9hZCI6IjBiZWU4ZWVmNTQwN2YzYjEyOTU2NDJmNThiNDMyYmI0OWRlMGQ1YjkxOGNmODYyNDc3MzA0NDlkMzEyOGQ0MDE3ZGYyNzY2ZDA0YmMyZGRlNmRkZGQzYWM4MTAyZDMzZjlhYjEzNzE3NWM2NzdlZTIxZjliNTgyNGI2NzcxZjUxZGU2ZGJhZGExOWEzMWZlZjgwNjNhNjJjYzJiY2RmODM0OWIwMGEwMjJjN2I4NmE1NmIzYmE4M2I5NGFjNWY0NTVjMTc1ODFmYzEzY2MzMmMwMDI3MzVjMmJlNzdkZTdkMGFmODFiZDI1NDJiNTI3ODhiODNiNzllODcyY2ZhN2VkNTNmNjVkMTBkNTJhYWViZjNiZDRkZmNkYTIyM2NmYjYzOGM5MDdlNGFhMjc2YjBkZmNmM2U4OTYzNzAxOTVjMDFmMTY0NTJjMTk0OGFkMjJlMzA3YTc0MWZkZTZkNTc0MWJhZjFmNTY0YjY1ZDFlYTQwYmUwMDVlMmJhZGFiNzc2NjEzNmJhYjljNmY0ZWFkYWU3Y2IzMzQyNzc3ODM2In0=",
  "X-t": "1735657200000",
}
`;

exports[`XhsSigner > sign > should sign GET request with query parameters and return signature 1`] = `
{
  "X-Mns": "unload",
  "X-s": "XYW_eyJzaWduU3ZuIjoiNTYiLCJzaWduVHlwZSI6IngyIiwiYXBwSWQiOiJ4aHMtcGMtd2ViIiwic2lnblZlcnNpb24iOiIxIiwicGF5bG9hZCI6IjY2NmZhNTVjZmZkM2Q4NDY3NjVkNzVjN2NhYzUyZjhkMTg3ZTM1MjI3MTkyNDA5NTlmZTZkMjAzNjZkYmYwZDMxZjk0YmFjMzg5NmJiYzRlMmVjYTMzM2ZmMDc5MjQ1Nzk2NTU3YWRjNTFlYmJlMzY3ZGExNzE2NzkxZDdlZTBlYTc5NGNiNWY4NWQ3OTIyY2M4NTg1ODI5YjJhZjRjNjc2YWMxMjVhMGM2ZjQ0Y2M2NTlhMTkzZWQ5MTU4OTZlOTkyNjU3OGI5NjI2NWQ2MjIwMmJkMTM5ZDQ0ZjQ5YjRlZGFhNDNhYzgwNzM2NjI3ZDI3ZDgzOGM0ZGIxODRhZWJlMGFiZWIzNTI0MzVkZjY4NDRjZDU2ZjMzZTUzNGY5YjZjN2M2ZDNjZjMyZTU1OWVjYWVlM2YwOTA1YTYxNWExNzQ5MWNjYjhlOGIwYjJkNWVjYTI5YjI3M2QxZDdkOTYwY2VhYzRhZGZmZWQyMzlhM2JmYTgwNGViZmQ2YzBkZWM5NTNhOTFmYzc2OWYwZDAxOGJhZDc2NWEzYmZmZmFkIn0=",
  "X-t": "1735657200000",
}
`;

exports[`XhsSigner > sign > should sign POST request with body and return signature 1`] = `
{
  "X-Mns": "unload",
  "X-s": "XYW_eyJzaWduU3ZuIjoiNTYiLCJzaWduVHlwZSI6IngyIiwiYXBwSWQiOiJ4aHMtcGMtd2ViIiwic2lnblZlcnNpb24iOiIxIiwicGF5bG9hZCI6IjE2MjEwNTY5YTNjNjFlYzMyZjI3YTI0NWJjNGM2ZDIwYzkxYjhkOGJiOTU1NzMzY2ExOTVhYTJiNWE2MDQ1YWM5YzMzYjc4NDEyNGI2ZmU5M2FhYWY3ZDliZDhlYmIzNTY5YWRlNWFjM2JhZDUxMjYxOWZlMWMxMzYyODgyZTIwYTYwMjZhZjQwMWYyMDM2ZmZlYmVmZTcyMGNhYWRjNTAyMzc2N2QyMDE1NzhkYTI2ZmYzZjhmOGQ4ZDFjNWM3NjY0NTQyNDk3ZTM5ZGFmMjkxN2QyZTUzYjIxYzAxYzUyNDljZTM4NDAyNWFlNzQxY2NjMjRhMjUxNGU4YWQ0ODI5ZmQyOGRmMGJhYjgzNTE2YTMwNTkwYzY4ZTliNWI4ZDA2N2E2OTU0MzJhNTBhNjM3MzIzMzgzMWMxNTNlYTk4OTMxYmYxN2UyYTVhMDBjMTk1ZTkwYjM4YjJiODFhMTIyZDhlOGZmZjNjMWY3NTJiZjk1MTJjY2I5NGM1OTllMTBkMDUxNDNkNTIwODkzMmU1Nzc5ZTFhNmFlNjM1NTEyIn0=",
  "X-t": "1735657200000",
}
`;
