// Vitest Snapshot v1, https://vitest.dev/guide/snapshot.html

exports[`UIMetricsMeasurer > measure > should measure the ui metrics 1`] = `
{
  "rf": {
    "a1271ddd5495959ff47b6b0ede71053633d2d6b42ad2f5a65b35bc01a8f25ce6": -66,
    "a5bb6874e28ab18bdce885228f6e98e4a7efcf3c3bb21509f9859e1f712d5281": -66,
    "a6fdd0ffaf8cf5b5a0f6597a6b2d6ad4409de03d95995cfeacfcd95f637fe294": 18,
    "afce4f5d264e1ce474bdb74712aef91022be4b54ac665bb4c64c4a05d3dade31": 65,
  },
  "s": "xHGdrB7Sr3_W7HgSzB6Xrwl6IKBB7nEg2tJZPZqTy9Dvgz8Hs-LYRoYRjXhvdipXvBZdVC33_Jgx4A_34ZiMRii5sGNJHA4-KUmee_8TA2sehD5oqlkpgRkNgexmGkrhnGBBj5aRr-yldWfWZEagUZOJVcqIxLXSSag5eSqncsDS7Tpo-8aLD5c4mmDwBHKX0w-o-rNshoZ-VaDyIYQYCWU9CfTaex10noBGRZCF2snhxSGWMbIk44NiLdaqhxXqN9IeS0GP4bDcdByZt-EdUixAigq9KQI_hKV_1sg880gdXaPcQGJWI7X33Dbnzc7oGQjKBS60-lIysH2kHdhdaAAAAZaZ4FKT",
}
`;
