// Vitest Snapshot v1, https://vitest.dev/guide/snapshot.html

exports[`XSCommonGenerator > generate > should generate X-S-Common 1`] = `"2UQAPsHCPUIjqArjwjHjNsQhPsHCH0rjNsQhPaHCH0c1PahIHjIj2eHjwjQ+GnPW/MPjNsQhPUHCHdYiqUMIGUM78nHjNsQh+sHCH0c1+0q1PsHVHdWMH0ijP/D7P0GE+98YP9cUJoDIJAp18dDlygbdPoQYPoqM+dr7wn4CPf4TPecMPeZIPecl+ArUPaHVHdW9H0ijHjIj2eqjwjHjNsQhwsHCHDDAwoQH8B4AyfRI8FS98g+Dpd4daLP3JFSb/BMsn0pSPM87nrldzSzQ2bPAGdb7zgQB8nph8emSy9E0cgk+zSS1qgzianYt8p+s/LzN4gzaa/+NqMS6qS4HLozoqfQnPbZEp98QyaRSp9P98pSl4oSzcgmca/P78nTTL08z/sVManD9q9z18np/8db8aob7JeQl4epsPrzsagW3Lr4ryaRApdz3agYDq7YM47HFqgzkanYMGLSbP9LA/bGIa/+nprSe+9LI4gzVPDbrJg+P4fprLFTALMm7+LSb4d+kpdzt/7b7wrQM498cqBzSpr8g/FSh+bzQygL9nSm7qSmM4epQ4flY/BQdqA+l4oYQ2BpAPp87arS34nMQyFSE8nkdqMD6pMzd8/4SL7bF8aRr+7+rG7mkqBpD8pSUzozQcA8Szb87PDSb/d+/qgzVJfl/4LExpdzQ2epSPgbFP9QTcnpnJ0YPaLp//rSbyAW3wLzpag8C2/zQwrRQynP7nSm7zDS9ypHFJURAzrlDqA8c4M8QcA4SL9c7q9GIyAzQzg8S+S4o/gzn4MpQynzAP7P6q7Yy/fpkpdzjGMpS8pSn4MQQ4DF620Z98p+M478d804AL7b78LShJozQ2bk/J7p7/94n47mAJMzHLbqM8nG7/fp34g40aLp6qM+dJ9Ll/op+anSw8p4PPo+h8BWManStq7Yc4ASQybHEaSm7aSmM4b4Q40+SPp8FPLSk/dPlqgqMaLpNq9zn4r8F4gqFq7b7zDS9yo8Q2obCz9EkLDTgJ9phpdzpanYg+rSkPBpDqg4IcfljPdmSad+gp/zLanSoG0zc4rRAqg4bag8w8gYM4Bc3qBzSpSSDqM8rznQQyBRAP9RDq9Tl4eYIqg4zag8w8p+c478QynpSpsRMGDS98np/cd8SzbmFnrShPo+nqgq9+rHhqLS3pFkQ4d8A2r8O8nTYa7+rnnpSL7b7JFS3qB4Qzgm82Sm7qLShzM+Qz/4SygQlL7414dPIpdzyanYIcfQM4erFJrES8rFI8pSc47mTLo4yaLP3+FSkz7D6pd4F4b8FGLSe+nLIqBpApSm7zDkl4FQQybqRHjIj2eDjwjFM+0Pl+0cUw/qVHdWlPsHCP/ZVHdWlPaHCHfE6qfMYJsQR"`;
